2026-08-25 09:34:08,689 : INFO : root : Loading config.
2026-08-25 09:34:08,701 : INFO : YamlMultifileConfigLoader : Machine config file #1: config.yaml
2026-08-25 09:34:08,702 : INFO : ConfigProcessor : Loading config from file /home/bas/.pyenv/versions/3.9.18/envs/mpf/lib/python3.9/site-packages/mpf/mpfconfig.yaml.
2026-08-25 09:34:08,755 : INFO : ConfigProcessor : Loading config: /home/bas/.pyenv/versions/3.9.18/envs/mpf/lib/python3.9/site-packages/mpf/mpfconfig.yaml
2026-08-25 09:34:08,758 : INFO : ConfigProcessor : Loading config from file /home/bas/pinball/Pinball/RPI/machine/config/config.yaml.
2026-08-25 09:34:08,762 : INFO : ConfigProcessor : Config file cache created: /tmp/1a80585cfa5c12196b9369b5b8d6b27d.mpf_cache
2026-08-25 09:34:08,940 : INFO : ConfigProcessor : Loading config from cache: /tmp/71d8c23965dc9e097bffd5011a8ffce4.mpf_cache
2026-08-25 09:34:08,941 : INFO : ConfigProcessor : Loading config from cache: /tmp/2a323001f92700b4d1a80d066774fb35.mpf_cache
2026-08-25 09:34:08,942 : INFO : Machine : Mission Pinball Framework Core Engine v0.57.5
2026-08-25 09:34:08,942 : INFO : Machine : Command line arguments: {'no_load_cache': False, 'create_config_cache': True, 'bcp': False, 'configfile': ['config.yaml'], 'force_assets_load': False, 'platform_integration_test': False, 'jsonlogging': False, 'logfile': 'logs/2026-08-25-09-34-08-mpf-raspberrypi.log', 'pause': False, 'production': False, 'text_ui': True, 'loglevel': 15, 'consoleloglevel': 20, 'force_platform': None, 'syslog_address': None, 'mc_file_name': None, 'no_sound': False}
2026-08-25 09:34:08,943 : INFO : Machine : MPF path: /home/bas/.pyenv/versions/3.9.18/envs/mpf/lib/python3.9/site-packages/mpf
2026-08-25 09:34:08,943 : INFO : Machine : Machine path: /home/bas/pinball/Pinball/RPI/machine
2026-08-25 09:34:08,943 : INFO : Machine : Platform: linux
2026-08-25 09:34:08,943 : INFO : Machine : Python executable location: /home/bas/.pyenv/versions/3.9.18/envs/mpf/bin/python
2026-08-25 09:34:08,943 : INFO : Machine : Python version: 3.9.18 (64-bit)
2026-08-25 09:34:08,945 : INFO : Machine : Initializing MPF...
2026-08-25 09:34:09,103 : INFO : EventManager : Event: ======'machine_var_credits_string'====== Args={'value': 'FREE PLAY', 'prev_value': None, 'change': True}
2026-08-25 09:34:09,214 : INFO : EventManager : Event: ======'machine_var_master_volume'====== Args={'value': 0.5, 'prev_value': None, 'change': True}
2026-08-25 09:34:09,214 : INFO : EventManager : Event: ======'machine_var_mpf_version'====== Args={'value': 'Mission Pinball Framework v0.57.5', 'prev_value': None, 'change': True}
2026-08-25 09:34:09,215 : INFO : EventManager : Event: ======'machine_var_mpf_extended_version'====== Args={'value': 'Mission Pinball Framework v0.57.5, Config version:6, Show version: 6, BCP version:1.1', 'prev_value': None, 'change': True}
2026-08-25 09:34:09,218 : INFO : EventManager : Event: ======'machine_var_python_version'====== Args={'value': '3.9.18', 'prev_value': None, 'change': True}
2026-08-25 09:34:09,229 : INFO : EventManager : Event: ======'machine_var_platform'====== Args={'value': 'Linux-6.12.96+rpt-rpi-v8-aarch64-with-glibc2.36', 'prev_value': None, 'change': True}
2026-08-25 09:34:09,230 : INFO : EventManager : Event: ======'machine_var_platform_system'====== Args={'value': 'Linux', 'prev_value': None, 'change': True}
2026-08-25 09:34:09,230 : INFO : EventManager : Event: ======'machine_var_platform_release'====== Args={'value': '6.12.96+rpt-rpi-v8', 'prev_value': None, 'change': True}
2026-08-25 09:34:09,230 : INFO : EventManager : Event: ======'machine_var_platform_version'====== Args={'value': '#1 SMP PREEMPT Debian 1:6.12.96-1+rpt1 (2026-07-24)', 'prev_value': None, 'change': True}
2026-08-25 09:34:09,231 : INFO : EventManager : Event: ======'machine_var_platform_machine'====== Args={'value': 'aarch64', 'prev_value': None, 'change': True}
2026-08-25 09:34:09,231 : INFO : EventManager : Event: ======'machine_var_log_file_path'====== Args={'value': '', 'prev_value': None, 'change': True}
2026-08-25 09:34:09,231 : INFO : EventManager : Event: ======'init_phase_1'====== Args={}
2026-08-25 09:34:09,257 : INFO : EventManager : Event: ======'init_phase_2'====== Args={}
2026-08-25 09:34:09,271 : INFO : EventManager : Event: ======'init_phase_3'====== Args={}
2026-08-25 09:34:09,281 : INFO : EventManager : Event: ======'init_phase_4'====== Args={}
2026-08-25 09:34:09,284 : INFO : EventManager : Event: ======'machine_var_audits_events_game_started'====== Args={'value': 0, 'prev_value': None, 'change': True}
2026-08-25 09:34:09,284 : INFO : EventManager : Event: ======'machine_var_audits_events_game_ended'====== Args={'value': 0, 'prev_value': None, 'change': True}
2026-08-25 09:34:09,285 : INFO : EventManager : Event: ======'machine_var_audits_player_score'====== Args={'value': {'top': [], 'average': 0, 'total': 0}, 'prev_value': None, 'change': True}
2026-08-25 09:34:09,286 : INFO : EventManager : Event: ======'init_phase_5'====== Args={}
2026-08-25 09:34:09,287 : INFO : EventManager : Event: ======'init_done'====== Args={}
2026-08-25 09:34:09,287 : INFO : EventManager : Event: ======'machine_reset_phase_1'====== Args={}
2026-08-25 09:34:09,288 : INFO : EventManager : Event: ======'machine_reset_phase_2'====== Args={}
2026-08-25 09:34:09,288 : INFO : EventManager : Event: ======'machine_reset_phase_3'====== Args={}
2026-08-25 09:34:09,288 : INFO : EventManager : Event: ======'reset_complete'====== Args={}
2026-08-25 09:34:09,289 : INFO : EventManager : Event: ======'mode_attract_will_start'====== Args={}
2026-08-25 09:34:09,289 : INFO : EventManager : Event: ======'mode_attract_starting'====== Args={}
2026-08-25 09:34:09,290 : INFO : Mode.attract : Started. Priority: 10
2026-08-25 09:34:09,290 : INFO : EventManager : Event: ======'modes_active_modes_changed'====== Args={}
2026-08-25 09:34:09,290 : INFO : EventManager : Event: ======'mode_attract_started'====== Args={}
2026-08-25 09:34:09,291 : INFO : EventManager : Event: ======'collecting_balls_complete'====== Args={}
2026-08-25 09:34:09,291 : INFO : Machine : Starting the main run loop with active modes: [<Mode.attract>]
2026-08-25 09:36:42,534 : INFO : Machine : Shutting down...
2026-08-25 09:36:42,534 : INFO : EventManager : Event: ======'shutdown'====== Args={}
2026-08-25 09:36:42,543 : INFO : root : MPF run loop ended.
